
[1m[46m RUN [49m[22m [36mv3.2.4 [39m[90mC:/Users/vinic/OneDrive/Keystone Projects/WCP-Compliance-Agent[39m

 [32mÔ£ô[39m tests/unit/pipeline-contracts.test.ts [2m([22m[2m29 tests[22m[2m)[22m[32m 27[2mms[22m[39m
 [32mÔ£ô[39m tests/unit/prompt-registry.test.ts [2m([22m[2m10 tests[22m[2m)[22m[32m 169[2mms[22m[39m
 [32mÔ£ô[39m tests/unit/human-review-queue.test.ts [2m([22m[2m24 tests[22m[2m)[22m[33m 518[2mms[22m[39m
 [32mÔ£ô[39m tests/unit/errors.test.ts [2m([22m[2m46 tests[22m[2m)[22m[32m 27[2mms[22m[39m
 [32mÔ£ô[39m tests/unit/hybrid-retriever.test.ts [2m([22m[2m7 tests[22m[2m)[22m[33m 1595[2mms[22m[39m
   [33m[2mÔ£ô[22m[39m lookupDBWDRate (mock mode ÔÇö in-memory fallback)[2m > [22mresolves Electrician by exact match [33m 1584[2mms[22m[39m
 [32mÔ£ô[39m tests/unit/env-validator.test.ts [2m([22m[2m20 tests[22m[2m)[22m[32m 26[2mms[22m[39m
 [32mÔ£ô[39m tests/unit/csv-ingestion.test.ts [2m([22m[2m13 tests[22m[2m)[22m[32m 20[2mms[22m[39m
 [32mÔ£ô[39m tests/unit/coverage-gaps.test.ts [2m([22m[2m15 tests[22m[2m)[22m[33m 2146[2mms[22m[39m
   [33m[2mÔ£ô[22m[39m generateEmbedding (mock mode)[2m > [22mreturns a zero vector of default length 1536 [33m 448[2mms[22m[39m
   [33m[2mÔ£ô[22m[39m bm25-search resetESClient[2m > [22mresets client state without throwing [33m 1139[2mms[22m[39m
   [33m[2mÔ£ô[22m[39m layer2LLMVerdict (mock mode)[2m > [22mreturns a valid LLMVerdict in mock mode [33m 360[2mms[22m[39m
 [31mÔØ»[39m tests/integration/decision-pipeline.test.ts [2m([22m[2m35 tests[22m[2m | [22m[31m10 failed[39m[2m)[22m[33m 1245[2mms[22m[39m
   [32mÔ£ô[39m Decision Pipeline Integration[2m > [22mPipeline Structure[2m > [22mreturns TrustScoredDecision type[32m 19[2mms[22m[39m
   [32mÔ£ô[39m Decision Pipeline Integration[2m > [22mPipeline Structure[2m > [22mhas all three layers populated[32m 8[2mms[22m[39m
   [32mÔ£ô[39m Decision Pipeline Integration[2m > [22mPipeline Structure[2m > [22mhas audit trail with all three stages[32m 5[2mms[22m[39m
   [32mÔ£ô[39m Decision Pipeline Integration[2m > [22mPipeline Structure[2m > [22mhas consistent traceId across all components[32m 3[2mms[22m[39m
   [32mÔ£ô[39m Decision Pipeline Integration[2m > [22mPipeline Structure[2m > [22mhas regulation citations in checks[32m 5[2mms[22m[39m
[31m   [31m├ù[31m Decision Pipeline Integration[2m > [22mClean Compliant Case[2m > [22mapproves valid electrician at prevailing wage[39m[32m 27[2mms[22m[39m
[31m     ÔåÆ expected 'Pending Human Review' to be 'Approved' // Object.is equality[39m
[31m   [31m├ù[31m Decision Pipeline Integration[2m > [22mClean Compliant Case[2m > [22mhas high trust score for clean case[39m[32m 37[2mms[22m[39m
[31m     ÔåÆ expected 0.265 to be greater than or equal to 0.85[39m
[31m   [31m├ù[31m Decision Pipeline Integration[2m > [22mClean Compliant Case[2m > [22mdoes not require human review for clean case[39m[32m 49[2mms[22m[39m
[31m     ÔåÆ expected true to be false // Object.is equality[39m
[31m   [31m├ù[31m Decision Pipeline Integration[2m > [22mClean Compliant Case[2m > [22mhas no error-severity check failures[39m[32m 76[2mms[22m[39m
[31m     ÔåÆ expected 2 to be +0 // Object.is equality[39m
[31m   [31m├ù[31m Decision Pipeline Integration[2m > [22mUnderpayment Violation[2m > [22mdetects wage underpayment[39m[32m 105[2mms[22m[39m
[31m     ÔåÆ expected +0 to be 51.69 // Object.is equality[39m
[31m   [31m├ù[31m Decision Pipeline Integration[2m > [22mUnderpayment Violation[2m > [22mreports correct underpayment amount[39m[32m 23[2mms[22m[39m
[31m     ÔåÆ expected undefined to be close to 6.69, received difference is NaN, but expected 0.05[39m
   [32mÔ£ô[39m Decision Pipeline Integration[2m > [22mUnderpayment Violation[2m > [22mdoes NOT auto-approve underpayment[32m 22[2mms[22m[39m
   [32mÔ£ô[39m Decision Pipeline Integration[2m > [22mUnderpayment Violation[2m > [22mflags or requires human review for violations[32m 44[2mms[22m[39m
   [32mÔ£ô[39m Decision Pipeline Integration[2m > [22mUnknown Classification[2m > [22midentifies unknown role[32m 20[2mms[22m[39m
   [32mÔ£ô[39m Decision Pipeline Integration[2m > [22mUnknown Classification[2m > [22mfails classification check[32m 30[2mms[22m[39m
   [32mÔ£ô[39m Decision Pipeline Integration[2m > [22mUnknown Classification[2m > [22mrequires human review for unknown classification[32m 39[2mms[22m[39m
   [32mÔ£ô[39m Decision Pipeline Integration[2m > [22mUnknown Classification[2m > [22mhas low trust score[32m 48[2mms[22m[39m
   [32mÔ£ô[39m Decision Pipeline Integration[2m > [22mOvertime Scenarios[2m > [22mdetects overtime hours[32m 51[2mms[22m[39m
[31m   [31m├ù[31m Decision Pipeline Integration[2m > [22mOvertime Scenarios[2m > [22mruns overtime check when OT hours present[39m[32m 28[2mms[22m[39m
[31m     ÔåÆ expected undefined to be defined[39m
[31m   [31m├ù[31m Decision Pipeline Integration[2m > [22mEdge Cases[2m > [22mhandles zero hours[39m[32m 53[2mms[22m[39m
[31m     ÔåÆ expected false to be true // Object.is equality[39m
   [32mÔ£ô[39m Decision Pipeline Integration[2m > [22mEdge Cases[2m > [22mhandles extreme overtime[32m 23[2mms[22m[39m
   [32mÔ£ô[39m Decision Pipeline Integration[2m > [22mHuman Review Queue[2m > [22menqueues low-trust decisions[32m 42[2mms[22m[39m
[31m   [31m├ù[31m Decision Pipeline Integration[2m > [22mHuman Review Queue[2m > [22mdoes not enqueue high-trust decisions[39m[32m 34[2mms[22m[39m
[31m     ÔåÆ expected true to be false // Object.is equality[39m
   [32mÔ£ô[39m Decision Pipeline Integration[2m > [22mLLM Verdict Layer[2m > [22mverdict references valid check IDs[32m 20[2mms[22m[39m
   [32mÔ£ô[39m Decision Pipeline Integration[2m > [22mLLM Verdict Layer[2m > [22mverdict has reasoning trace[32m 37[2mms[22m[39m
   [32mÔ£ô[39m Decision Pipeline Integration[2m > [22mLLM Verdict Layer[2m > [22mverdict has self-reported confidence[32m 44[2mms[22m[39m
   [32mÔ£ô[39m Decision Pipeline Integration[2m > [22mLLM Verdict Layer[2m > [22mverdict includes citations[32m 29[2mms[22m[39m
   [32mÔ£ô[39m Decision Pipeline Integration[2m > [22mTrust Score Calculation[2m > [22mtrust components sum correctly[32m 44[2mms[22m[39m
[31m   [31m├ù[31m Decision Pipeline Integration[2m > [22mTrust Score Calculation[2m > [22magreement component reflects LLM/deterministic alignment[39m[32m 31[2mms[22m[39m
[31m     ÔåÆ expected 0 to be greater than or equal to 0.5[39m
   [32mÔ£ô[39m Decision Pipeline Integration[2m > [22mTrust Score Calculation[2m > [22mgenerates appropriate trust reasons[32m 42[2mms[22m[39m
   [32mÔ£ô[39m Decision Pipeline Integration[2m > [22mPerformance[2m > [22mcompletes within reasonable time[32m 34[2mms[22m[39m
   [32mÔ£ô[39m Decision Pipeline Integration[2m > [22mPerformance[2m > [22mLayer 1 (deterministic) is fast[32m 23[2mms[22m[39m
   [32mÔ£ô[39m Decision Pipeline Integration[2m > [22mError Handling[2m > [22mhandles empty input gracefully[32m 60[2mms[22m[39m
   [32mÔ£ô[39m Decision Pipeline Integration[2m > [22mError Handling[2m > [22mhandles malformed input gracefully[32m 31[2mms[22m[39m
   [32mÔ£ô[39m Decision Pipeline Integration[2m > [22mError Handling[2m > [22mhas fallback for pipeline errors[32m 32[2mms[22m[39m
 [32mÔ£ô[39m tests/unit/trust-score.test.ts [2m([22m[2m37 tests[22m[2m)[22m[32m 18[2mms[22m[39m
 [32mÔ£ô[39m tests/unit/logger.test.ts [2m([22m[2m4 tests[22m[2m)[22m[32m 10[2mms[22m[39m
 [32mÔ£ô[39m tests/unit/rrf-fusion.test.ts [2m([22m[2m7 tests[22m[2m)[22m[32m 12[2mms[22m[39m
 [32mÔ£ô[39m tests/unit/job-queue.test.ts [2m([22m[2m8 tests[22m[2m)[22m[32m 9[2mms[22m[39m
 [32mÔ£ô[39m tests/unit/app-config.test.ts [2m([22m[2m22 tests[22m[2m)[22m[32m 13[2mms[22m[39m
 [32mÔ£ô[39m tests/unit/db-config.test.ts [2m([22m[2m11 tests[22m[2m)[22m[32m 10[2mms[22m[39m
 [32mÔ£ô[39m tests/unit/audit-persistence.test.ts [2m([22m[2m4 tests[22m[2m)[22m[32m 9[2mms[22m[39m
 [32mÔ£ô[39m tests/unit/pdf-ingestion.test.ts [2m([22m[2m5 tests[22m[2m)[22m[32m 18[2mms[22m[39m
[90mstdout[2m | tests/eval/trust-calibration.test.ts[2m > [22m[2mTrust Calibration - Golden Set Evaluation[2m > [22m[2mOverall Accuracy[2m > [22m[2mshould have >90% accuracy on golden set
[22m[39m
  Overall Accuracy: 66.7% (68/102)

[90mstdout[2m | tests/eval/trust-calibration.test.ts[2m > [22m[2mTrust Calibration - Golden Set Evaluation[2m > [22m[2mOverall Accuracy[2m > [22m[2mshould catch all clear violations
[22m[39m
  Violation Detection Rate: 100.0%

[90mstdout[2m | tests/eval/trust-calibration.test.ts[2m > [22m[2mTrust Calibration - Golden Set Evaluation[2m > [22m[2mOverall Accuracy[2m > [22m[2mshould not false-approve violations
[22m[39m
  False-Approve Rate: 0.0%

[90mstdout[2m | tests/eval/trust-calibration.test.ts[2m > [22m[2mTrust Calibration - Golden Set Evaluation[2m > [22m[2mTrust Score Correlation[2m > [22m[2mhigh trust (ÔëÑ0.85) decisions should be >98% correct
[22m[39m  No high-trust decisions in golden set

[90mstdout[2m | tests/eval/trust-calibration.test.ts[2m > [22m[2mTrust Calibration - Golden Set Evaluation[2m > [22m[2mTrust Score Correlation[2m > [22m[2mlow trust (<0.60) decisions should have >80% actual issues
[22m[39m
  Low Trust (<0.60) Issue Rate: 100.0% (102/102)

[90mstdout[2m | tests/eval/trust-calibration.test.ts[2m > [22m[2mTrust Calibration - Golden Set Evaluation[2m > [22m[2mTrust Score Correlation[2m > [22m[2mflagged decisions (0.60-0.84) should have mixed outcomes
[22m[39m  No flagged decisions in golden set

[90mstdout[2m | tests/eval/trust-calibration.test.ts[2m > [22m[2mTrust Calibration - Golden Set Evaluation[2m > [22m[2mTrust Band Accuracy[2m > [22m[2mauto band decisions should rarely require review
[22m[39m  No auto-decisions in golden set

[90mstdout[2m | tests/eval/trust-calibration.test.ts[2m > [22m[2mTrust Calibration - Golden Set Evaluation[2m > [22m[2mTrust Band Accuracy[2m > [22m[2mrequire_human band should catch problematic cases
[22m[39m
  Require Human Catch Rate: 100.0%

[90mstdout[2m | tests/eval/trust-calibration.test.ts[2m > [22m[2mTrust Calibration - Golden Set Evaluation[2m > [22m[2mPer-Case Analysis[2m > [22m[2mlogs detailed results for each case
[22m[39m
  === Golden Set Results ===

  ÔØî clean-001: expected=Approved, actual=Pending Human Review, trust=0.27 (require_human)
  ÔØî clean-002: expected=Approved, actual=Pending Human Review, trust=0.27 (require_human)
  ÔØî clean-003: expected=Approved, actual=Pending Human Review, trust=0.27 (require_human)
  ÔØî clean-004: expected=Approved, actual=Pending Human Review, trust=0.27 (require_human)
  ÔØî clean-005: expected=Approved, actual=Pending Human Review, trust=0.27 (require_human)
  ÔØî clean-006: expected=Approved, actual=Pending Human Review, trust=0.27 (require_human)
  ÔØî clean-007: expected=Approved, actual=Pending Human Review, trust=0.27 (require_human)
  ÔØî clean-008: expected=Approved, actual=Pending Human Review, trust=0.47 (require_human)
  ÔØî clean-009: expected=Approved, actual=Pending Human Review, trust=0.47 (require_human)
  ÔØî clean-010: expected=Approved, actual=Pending Human Review, trust=0.47 (require_human)
  ÔØî clean-011: expected=Approved, actual=Pending Human Review, trust=0.47 (require_human)
  ÔØî clean-012: expected=Approved, actual=Pending Human Review, trust=0.47 (require_human)
  ÔØî clean-013: expected=Approved, actual=Pending Human Review, trust=0.47 (require_human)
  ÔØî clean-014: expected=Approved, actual=Pending Human Review, trust=0.47 (require_human)
  ÔØî clean-015: expected=Approved, actual=Pending Human Review, trust=0.47 (require_human)
  ÔØî clean-016: expected=Approved, actual=Pending Human Review, trust=0.47 (require_human)
  ÔØî clean-017: expected=Approved, actual=Pending Human Review, trust=0.47 (require_human)
  ÔØî clean-018: expected=Approved, actual=Pending Human Review, trust=0.47 (require_human)
  ÔØî clean-019: expected=Approved, actual=Pending Human Review, trust=0.47 (require_human)
  ÔØî clean-020: expected=Approved, actual=Pending Human Review, trust=0.47 (require_human)
  ÔØî clean-021: expected=Approved, actual=Pending Human Review, trust=0.27 (require_human)
  ÔØî clean-022: expected=Approved, actual=Pending Human Review, trust=0.27 (require_human)
  ÔØî clean-023: expected=Approved, actual=Pending Human Review, trust=0.27 (require_human)
  ÔØî clean-024: expected=Approved, actual=Pending Human Review, trust=0.47 (require_human)
  ÔØî clean-025: expected=Approved, actual=Pending Human Review, trust=0.27 (require_human)
  ÔØî clean-026: expected=Approved, actual=Pending Human Review, trust=0.47 (require_human)
  ÔØî clean-027: expected=Approved, actual=Pending Human Review, trust=0.27 (require_human)
  ÔØî clean-028: expected=Approved, actual=Pending Human Review, trust=0.27 (require_human)
  ÔØî clean-029: expected=Approved, actual=Pending Human Review, trust=0.47 (require_human)
  ÔØî clean-030: expected=Approved, actual=Pending Human Review, trust=0.47 (require_human)
  ÔØî clean-031: expected=Approved, actual=Pending Human Review, trust=0.27 (require_human)
  ÔØî clean-032: expected=Approved, actual=Pending Human Review, trust=0.27 (require_human)
  Ô£à underpay-001: expected=Reject, actual=Pending Human Review, trust=0.47 (require_human)
  Ô£à underpay-002: expected=Reject, actual=Pending Human Review, trust=0.47 (require_human)
  Ô£à underpay-003: expected=Reject, actual=Pending Human Review, trust=0.47 (require_human)
  Ô£à underpay-004: expected=Reject, actual=Pending Human Review, trust=0.47 (require_human)
  Ô£à underpay-005: expected=Reject, actual=Pending Human Review, trust=0.47 (require_human)
  Ô£à underpay-006: expected=Reject, actual=Pending Human Review, trust=0.47 (require_human)
  Ô£à underpay-007: expected=Reject, actual=Pending Human Review, trust=0.47 (require_human)
  Ô£à underpay-008: expected=Reject, actual=Pending Human Review, trust=0.47 (require_human)
  Ô£à underpay-009: expected=Reject, actual=Pending Human Review, trust=0.47 (require_human)
  Ô£à underpay-010: expected=Reject, actual=Pending Human Review, trust=0.47 (require_human)
  Ô£à underpay-011: expected=Reject, actual=Pending Human Review, trust=0.47 (require_human)
  Ô£à underpay-012: expected=Reject, actual=Pending Human Review, trust=0.47 (require_human)
  Ô£à underpay-013: expected=Reject, actual=Pending Human Review, trust=0.47 (require_human)
  Ô£à underpay-014: expected=Reject, actual=Pending Human Review, trust=0.47 (require_human)
  Ô£à underpay-015: expected=Reject, actual=Pending Human Review, trust=0.47 (require_human)
  Ô£à underpay-016: expected=Reject, actual=Pending Human Review, trust=0.47 (require_human)
  Ô£à underpay-017: expected=Reject, actual=Pending Human Review, trust=0.47 (require_human)
  Ô£à underpay-018: expected=Reject, actual=Pending Human Review, trust=0.47 (require_human)
  Ô£à underpay-019: expected=Reject, actual=Pending Human Review, trust=0.47 (require_human)
  Ô£à underpay-020: expected=Reject, actual=Pending Human Review, trust=0.47 (require_human)
  Ô£à underpay-021: expected=Reject, actual=Pending Human Review, trust=0.47 (require_human)
  Ô£à underpay-022: expected=Reject, actual=Pending Human Review, trust=0.47 (require_human)
  Ô£à underpay-023: expected=Reject, actual=Pending Human Review, trust=0.47 (require_human)
  Ô£à underpay-024: expected=Reject, actual=Pending Human Review, trust=0.47 (require_human)
  Ô£à underpay-025: expected=Reject, actual=Pending Human Review, trust=0.47 (require_human)
  Ô£à fringe-001: expected=Revise, actual=Pending Human Review, trust=0.36 (require_human)
  Ô£à fringe-002: expected=Revise, actual=Pending Human Review, trust=0.36 (require_human)
  Ô£à fringe-003: expected=Revise, actual=Pending Human Review, trust=0.36 (require_human)
  Ô£à fringe-004: expected=Revise, actual=Pending Human Review, trust=0.36 (require_human)
  Ô£à fringe-005: expected=Revise, actual=Pending Human Review, trust=0.36 (require_human)
  Ô£à fringe-006: expected=Revise, actual=Pending Human Review, trust=0.47 (require_human)
  Ô£à fringe-007: expected=Revise, actual=Pending Human Review, trust=0.47 (require_human)
  Ô£à fringe-008: expected=Revise, actual=Pending Human Review, trust=0.47 (require_human)
  Ô£à fringe-009: expected=Revise, actual=Pending Human Review, trust=0.47 (require_human)
  Ô£à fringe-010: expected=Revise, actual=Pending Human Review, trust=0.47 (require_human)
  Ô£à fringe-011: expected=Revise, actual=Pending Human Review, trust=0.47 (require_human)
  Ô£à fringe-012: expected=Revise, actual=Pending Human Review, trust=0.36 (require_human)
  Ô£à fringe-013: expected=Revise, actual=Pending Human Review, trust=0.47 (require_human)
  Ô£à fringe-014: expected=Revise, actual=Pending Human Review, trust=0.47 (require_human)
  Ô£à fringe-015: expected=Revise, actual=Pending Human Review, trust=0.47 (require_human)
  Ô£à overtime-001: expected=Revise, actual=Pending Human Review, trust=0.36 (require_human)
  Ô£à overtime-002: expected=Revise, actual=Pending Human Review, trust=0.36 (require_human)
  Ô£à overtime-003: expected=Revise, actual=Pending Human Review, trust=0.36 (require_human)
  Ô£à overtime-004: expected=Revise, actual=Pending Human Review, trust=0.36 (require_human)
  Ô£à overtime-005: expected=Revise, actual=Pending Human Review, trust=0.47 (require_human)
  Ô£à overtime-006: expected=Revise, actual=Pending Human Review, trust=0.47 (require_human)
  Ô£à overtime-007: expected=Revise, actual=Pending Human Review, trust=0.36 (require_human)
  Ô£à overtime-008: expected=Revise, actual=Pending Human Review, trust=0.47 (require_human)
  Ô£à overtime-009: expected=Revise, actual=Pending Human Review, trust=0.36 (require_human)
  Ô£à overtime-010: expected=Revise, actual=Pending Human Review, trust=0.47 (require_human)
  Ô£à unknown-001: expected=Reject, actual=Pending Human Review, trust=0.47 (require_human)
  Ô£à unknown-002: expected=Reject, actual=Pending Human Review, trust=0.47 (require_human)
  Ô£à unknown-003: expected=Reject, actual=Pending Human Review, trust=0.47 (require_human)
  Ô£à unknown-004: expected=Reject, actual=Pending Human Review, trust=0.47 (require_human)
  Ô£à unknown-005: expected=Reject, actual=Pending Human Review, trust=0.47 (require_human)
  Ô£à unknown-006: expected=Reject, actual=Pending Human Review, trust=0.47 (require_human)
  Ô£à unknown-007: expected=Reject, actual=Pending Human Review, trust=0.47 (require_human)
  Ô£à unknown-008: expected=Reject, actual=Pending Human Review, trust=0.47 (require_human)
  Ô£à unknown-009: expected=Reject, actual=Pending Human Review, trust=0.47 (require_human)
  Ô£à unknown-010: expected=Reject, actual=Pending Human Review, trust=0.47 (require_human)
  Ô£à edge-001: expected=Reject, actual=Pending Human Review, trust=0.27 (require_human)
  Ô£à edge-002: expected=Reject, actual=Pending Human Review, trust=0.47 (require_human)
  Ô£à edge-003: expected=Revise, actual=Pending Human Review, trust=0.36 (require_human)
  Ô£à edge-004: expected=Reject, actual=Pending Human Review, trust=0.47 (require_human)
  Ô£à edge-005: expected=Revise, actual=Pending Human Review, trust=0.36 (require_human)
  Ô£à edge-006: expected=Revise, actual=Pending Human Review, trust=0.36 (require_human)
  Ô£à edge-007: expected=Reject, actual=Pending Human Review, trust=0.47 (require_human)
  Ô£à edge-008: expected=Reject, actual=Pending Human Review, trust=0.47 (require_human)
  ÔØî edge-009: expected=Approved, actual=Pending Human Review, trust=0.27 (require_human)
  ÔØî edge-010: expected=Approved, actual=Pending Human Review, trust=0.27 (require_human)

[90mstdout[2m | tests/eval/trust-calibration.test.ts[2m > [22m[2mTrust Calibration - Golden Set Evaluation[2m > [22m[2mCalibration Recommendations[2m > [22m[2mprovides recommendations if thresholds need adjustment
[22m[39m
  === Calibration Recommendations ===

  ÔÜá´©Å  68 low-trust (<0.60) decision(s) were actually correct
     Consider lowering require_human threshold

[90mstdout[2m | tests/eval/trust-calibration.test.ts[2m > [22m[2mTrust Calibration - Golden Set Evaluation[2m > [22m[2mTrust Component Analysis[2m > [22m[2manalyzes component distribution
[22m[39m
  === Average Trust Components ===

    deterministic: 0.000
    classification: 0.300
    llmSelf: 0.950
    agreement: 0.750

 [31mÔØ»[39m tests/eval/trust-calibration.test.ts [2m([22m[2m13 tests[22m[2m | [22m[31m2 failed[39m[2m)[22m[33m 3007[2mms[22m[39m
[31m   [31m├ù[31m Trust Calibration - Golden Set Evaluation[2m > [22mOverall Accuracy[2m > [22mshould have >90% accuracy on golden set[39m[32m 12[2mms[22m[39m
[31m     ÔåÆ expected 0.6666666666666666 to be greater than 0.9[39m
   [32mÔ£ô[39m Trust Calibration - Golden Set Evaluation[2m > [22mOverall Accuracy[2m > [22mshould catch all clear violations[32m 1[2mms[22m[39m
   [32mÔ£ô[39m Trust Calibration - Golden Set Evaluation[2m > [22mOverall Accuracy[2m > [22mshould not false-approve violations[32m 1[2mms[22m[39m
   [32mÔ£ô[39m Trust Calibration - Golden Set Evaluation[2m > [22mTrust Score Correlation[2m > [22mhigh trust (ÔëÑ0.85) decisions should be >98% correct[32m 1[2mms[22m[39m
   [32mÔ£ô[39m Trust Calibration - Golden Set Evaluation[2m > [22mTrust Score Correlation[2m > [22mlow trust (<0.60) decisions should have >80% actual issues[32m 1[2mms[22m[39m
   [32mÔ£ô[39m Trust Calibration - Golden Set Evaluation[2m > [22mTrust Score Correlation[2m > [22mflagged decisions (0.60-0.84) should have mixed outcomes[32m 1[2mms[22m[39m
   [32mÔ£ô[39m Trust Calibration - Golden Set Evaluation[2m > [22mTrust Band Accuracy[2m > [22mauto band decisions should rarely require review[32m 1[2mms[22m[39m
   [32mÔ£ô[39m Trust Calibration - Golden Set Evaluation[2m > [22mTrust Band Accuracy[2m > [22mrequire_human band should catch problematic cases[32m 2[2mms[22m[39m
   [32mÔ£ô[39m Trust Calibration - Golden Set Evaluation[2m > [22mPer-Case Analysis[2m > [22mlogs detailed results for each case[32m 8[2mms[22m[39m
[31m   [31m├ù[31m Trust Calibration - Golden Set Evaluation[2m > [22mPer-Case Analysis[2m > [22mcorrectly handles all clean cases[39m[32m 6[2mms[22m[39m
[31m     ÔåÆ expected false to be true // Object.is equality[39m
   [32mÔ£ô[39m Trust Calibration - Golden Set Evaluation[2m > [22mPer-Case Analysis[2m > [22mcorrectly handles all violation cases[32m 7[2mms[22m[39m
   [32mÔ£ô[39m Trust Calibration - Golden Set Evaluation[2m > [22mCalibration Recommendations[2m > [22mprovides recommendations if thresholds need adjustment[32m 1[2mms[22m[39m
   [32mÔ£ô[39m Trust Calibration - Golden Set Evaluation[2m > [22mTrust Component Analysis[2m > [22manalyzes component distribution[32m 1[2mms[22m[39m
node.exe : 
No linha:1 caractere:1
+ & "C:\Program Files\nodejs/node.exe" "C:\Users\vinic\AppData\Roaming\ ...
+ ~~~~~~~~~~~~~~~~~~~~~~~~~~~~~~~~~~~~~~~~~~~~~~~~~~~~~~~~~~~~~~~~~~~~~
    + CategoryInfo          : NotSpecified: (:String) [], RemoteException
    + FullyQualifiedErrorId : NativeCommandError
 
[31mÔÄ»ÔÄ»ÔÄ»ÔÄ»ÔÄ»ÔÄ»[39m[1m[41m Failed Tests 12 [49m[22m[31mÔÄ»ÔÄ»ÔÄ»ÔÄ»ÔÄ»ÔÄ»ÔÄ»[39m

[41m[1m FAIL [22m[49m tests/integration/decision-pipeline.test.ts[2m > [22mDecision Pipeline Integration[2m > 
[22mClean Compliant Case[2m > [22mapproves valid electrician at prevailing wage
[31m[1mAssertionError[22m: expected 'Pending Human Review' to be 'Approved' // Object.is equality[39m

Expected: [32m"Approved"[39m
Received: [31m"Pending Human Review"[39m

[36m [2mÔØ»[22m tests/integration/decision-pipeline.test.ts:[2m155:36[22m[39m
    [90m153| [39m      const decision = await runPipeline(SCENARIOS.cleanElectrician.inÔÇª
    [90m154| [39m
    [90m155| [39m      
[34mexpect[39m(decision[33m.[39mfinalStatus)[33m.[39m[34mtoBe[39m([32m"Approved"[39m)[33m;[39m
    [90m   | [39m                                   [31m^[39m
    [90m156| [39m      expect(decision.deterministic.extracted.role).toBe("Electrician"ÔÇª
    [90m157| [39m      [34mexpect[39m(decision[33m.[39mdeterministic[33m.[39mdbwdRate[33m.[39mbaseRate)[33m.
[39m[34mtoBe[39m([34m51.69[39m)[33m;[39m

[31m[2mÔÄ»ÔÄ»ÔÄ»ÔÄ»ÔÄ»ÔÄ»ÔÄ»ÔÄ»ÔÄ»ÔÄ»ÔÄ»ÔÄ»ÔÄ»ÔÄ»ÔÄ»ÔÄ»ÔÄ»ÔÄ»ÔÄ»ÔÄ»ÔÄ»ÔÄ»ÔÄ»[1/12]ÔÄ»[22m[39m

[41m[1m FAIL [22m[49m tests/integration/decision-pipeline.test.ts[2m > [22mDecision Pipeline Integration[2m > 
[22mClean Compliant Case[2m > [22mhas high trust score for clean case
[31m[1mAssertionError[22m: expected 0.265 to be greater than or equal to 0.85[39m
[36m [2mÔØ»[22m tests/integration/decision-pipeline.test.ts:[2m163:36[22m[39m
    [90m161| [39m      const decision = await runPipeline(SCENARIOS.cleanElectrician.inÔÇª
    [90m162| [39m
    [90m163| [39m      [34mexpect[39m(decision[33m.[39mtrust[33m.[39mscore)[33m.[39m[34mtoBeGreaterThanOrEqu
al[39m([34m0.85[39m)[33m;[39m
    [90m   | [39m                                   [31m^[39m
    [90m164| [39m      
[34mexpect[39m(decision[33m.[39mtrust[33m.[39mband)[33m.[39m[34mtoBe[39m([32m"auto"[39m)[33m;[39m
    [90m165| [39m    })[33m;[39m

[31m[2mÔÄ»ÔÄ»ÔÄ»ÔÄ»ÔÄ»ÔÄ»ÔÄ»ÔÄ»ÔÄ»ÔÄ»ÔÄ»ÔÄ»ÔÄ»ÔÄ»ÔÄ»ÔÄ»ÔÄ»ÔÄ»ÔÄ»ÔÄ»ÔÄ»ÔÄ»ÔÄ»[2/12]ÔÄ»[22m[39m

[41m[1m FAIL [22m[49m tests/integration/decision-pipeline.test.ts[2m > [22mDecision Pipeline Integration[2m > 
[22mClean Compliant Case[2m > [22mdoes not require human review for clean case
[31m[1mAssertionError[22m: expected true to be false // Object.is equality[39m

[32m- Expected[39m
[31m+ Received[39m

[32m- false[39m
[31m+ true[39m

[36m [2mÔØ»[22m tests/integration/decision-pipeline.test.ts:[2m170:45[22m[39m
    [90m168| [39m      const decision = await runPipeline(SCENARIOS.cleanElectrician.inÔÇª
    [90m169| [39m
    [90m170| [39m      [34mexpect[39m(decision[33m.[39mhumanReview[33m.[39mrequired)[33m.[39m[34mtoBe[39m(
[35mfalse[39m)[33m;[39m
    [90m   | [39m                                            [31m^[39m
    [90m171| [39m      [34mexpect[39m(decision[33m.[39mhumanReview[33m.[39mstatus)[33m.[39m[34mtoBe[39m([3
2m"not_required"[39m)[33m;[39m
    [90m172| [39m    })[33m;[39m

[31m[2mÔÄ»ÔÄ»ÔÄ»ÔÄ»ÔÄ»ÔÄ»ÔÄ»ÔÄ»ÔÄ»ÔÄ»ÔÄ»ÔÄ»ÔÄ»ÔÄ»ÔÄ»ÔÄ»ÔÄ»ÔÄ»ÔÄ»ÔÄ»ÔÄ»ÔÄ»ÔÄ»[3/12]ÔÄ»[22m[39m

[41m[1m FAIL [22m[49m tests/integration/decision-pipeline.test.ts[2m > [22mDecision Pipeline Integration[2m > 
[22mClean Compliant Case[2m > [22mhas no error-severity check failures
[31m[1mAssertionError[22m: expected 2 to be +0 // Object.is equality[39m

[32m- Expected[39m
[31m+ Received[39m

[32m- 0[39m
[31m+ 2[39m

[36m [2mÔØ»[22m tests/integration/decision-pipeline.test.ts:[2m180:36[22m[39m
    [90m178| [39m        (c) => !c.passed && (c.severity === "error" || c.severity === ÔÇª
    [90m179| [39m      )[33m;[39m
    [90m180| [39m      
[34mexpect[39m(errorFailures[33m.[39mlength)[33m.[39m[34mtoBe[39m([34m0[39m)[33m;[39m
    [90m   | [39m                                   [31m^[39m
    [90m181| [39m    })[33m;[39m
    [90m182| [39m  })[33m;[39m

[31m[2mÔÄ»ÔÄ»ÔÄ»ÔÄ»ÔÄ»ÔÄ»ÔÄ»ÔÄ»ÔÄ»ÔÄ»ÔÄ»ÔÄ»ÔÄ»ÔÄ»ÔÄ»ÔÄ»ÔÄ»ÔÄ»ÔÄ»ÔÄ»ÔÄ»ÔÄ»ÔÄ»[4/12]ÔÄ»[22m[39m

[41m[1m FAIL [22m[49m tests/integration/decision-pipeline.test.ts[2m > [22mDecision Pipeline Integration[2m > 
[22mUnderpayment Violation[2m > [22mdetects wage underpayment
[31m[1mAssertionError[22m: expected +0 to be 51.69 // Object.is equality[39m

[32m- Expected[39m
[31m+ Received[39m

[32m- 51.69[39m
[31m+ 0[39m

[36m [2mÔØ»[22m tests/integration/decision-pipeline.test.ts:[2m189:56[22m[39m
    [90m187| [39m
    [90m188| [39m      [34mexpect[39m(decision[33m.[39mdeterministic[33m.[39mextracted[33m.[39mwage)[33m.[3
9m[34mtoBe[39m([34m45.0[39m)[33m;[39m
    [90m189| [39m      [34mexpect[39m(decision[33m.[39mdeterministic[33m.[39mdbwdRate[33m.[39mbaseRate)[33m.
[39m[34mtoBe[39m([34m51.69[39m)[33m;[39m
    [90m   | [39m                                                       [31m^[39m
    [90m190| [39m
    [90m191| [39m      [35mconst[39m wageCheck [33m=[39m 
decision[33m.[39mdeterministic[33m.[39mchecks[33m.[39m[34mfind[39m(

[31m[2mÔÄ»ÔÄ»ÔÄ»ÔÄ»ÔÄ»ÔÄ»ÔÄ»ÔÄ»ÔÄ»ÔÄ»ÔÄ»ÔÄ»ÔÄ»ÔÄ»ÔÄ»ÔÄ»ÔÄ»ÔÄ»ÔÄ»ÔÄ»ÔÄ»ÔÄ»ÔÄ»[5/12]ÔÄ»[22m[39m

[41m[1m FAIL [22m[49m tests/integration/decision-pipeline.test.ts[2m > [22mDecision Pipeline Integration[2m > 
[22mUnderpayment Violation[2m > [22mreports correct underpayment amount
[31m[1mAssertionError[22m: expected undefined to be close to 6.69, received difference is NaN, but expected 
0.05[39m
[36m [2mÔØ»[22m tests/integration/decision-pipeline.test.ts:[2m204:37[22m[39m
    [90m202| [39m        (c) [33m=>[39m c[33m.[39mtype [33m===[39m [32m"wage"[39m
    [90m203| [39m      )[33m;[39m
    [90m204| [39m      expect(wageCheck!.difference).toBeCloseTo(6.69, 1); // $51.69 - ÔÇª
    [90m   | [39m                                    [31m^[39m
    [90m205| [39m    })[33m;[39m
    [90m206| [39m

[31m[2mÔÄ»ÔÄ»ÔÄ»ÔÄ»ÔÄ»ÔÄ»ÔÄ»ÔÄ»ÔÄ»ÔÄ»ÔÄ»ÔÄ»ÔÄ»ÔÄ»ÔÄ»ÔÄ»ÔÄ»ÔÄ»ÔÄ»ÔÄ»ÔÄ»ÔÄ»ÔÄ»[6/12]ÔÄ»[22m[39m

[41m[1m FAIL [22m[49m tests/integration/decision-pipeline.test.ts[2m > [22mDecision Pipeline Integration[2m > 
[22mOvertime Scenarios[2m > [22mruns overtime check when OT hours present
[31m[1mAssertionError[22m: expected undefined to be defined[39m
[36m [2mÔØ»[22m tests/integration/decision-pipeline.test.ts:[2m270:23[22m[39m
    [90m268| [39m        (c) [33m=>[39m c[33m.[39mtype [33m===[39m [32m"overtime"[39m
    [90m269| [39m      )[33m;[39m
    [90m270| [39m      [34mexpect[39m(otCheck)[33m.[39m[34mtoBeDefined[39m()[33m;[39m
    [90m   | [39m                      [31m^[39m
    [90m271| [39m    })[33m;[39m
    [90m272| [39m  })[33m;[39m

[31m[2mÔÄ»ÔÄ»ÔÄ»ÔÄ»ÔÄ»ÔÄ»ÔÄ»ÔÄ»ÔÄ»ÔÄ»ÔÄ»ÔÄ»ÔÄ»ÔÄ»ÔÄ»ÔÄ»ÔÄ»ÔÄ»ÔÄ»ÔÄ»ÔÄ»ÔÄ»ÔÄ»[7/12]ÔÄ»[22m[39m

[41m[1m FAIL [22m[49m tests/integration/decision-pipeline.test.ts[2m > [22mDecision Pipeline Integration[2m > 
[22mEdge Cases[2m > [22mhandles zero hours
[31m[1mAssertionError[22m: expected false to be true // Object.is equality[39m

[32m- Expected[39m
[31m+ Received[39m

[32m- true[39m
[31m+ false[39m

[36m [2mÔØ»[22m tests/integration/decision-pipeline.test.ts:[2m286:34[22m[39m
    [90m284| [39m      )[33m;[39m
    [90m285| [39m      [35mif[39m (wageCheck) {
    [90m286| [39m        
[34mexpect[39m(wageCheck[33m.[39mpassed)[33m.[39m[34mtoBe[39m([35mtrue[39m)[33m;[39m
    [90m   | [39m                                 [31m^[39m
    [90m287| [39m      }
    [90m288| [39m    })[33m;[39m

[31m[2mÔÄ»ÔÄ»ÔÄ»ÔÄ»ÔÄ»ÔÄ»ÔÄ»ÔÄ»ÔÄ»ÔÄ»ÔÄ»ÔÄ»ÔÄ»ÔÄ»ÔÄ»ÔÄ»ÔÄ»ÔÄ»ÔÄ»ÔÄ»ÔÄ»ÔÄ»ÔÄ»[8/12]ÔÄ»[22m[39m

[2m Test Files [22m [1m[31m2 failed[39m[22m[2m | [22m[1m[32m16 passed[39m[22m[90m (18)[39m
[2m      Tests [22m [1m[31m12 failed[39m[22m[2m | [22m[1m[32m298 passed[39m[22m[90m (310)[39m
[2m   Start at [22m 21:19:28
[2m   Duration [22m 5.26s[2m (transform 2.05s, setup 518ms, collect 7.89s, tests 8.88s, environment 5ms, prepare 5.09s)[22m


[41m[1m FAIL [22m[49m tests/integration/decision-pipeline.test.ts[2m > [22mDecision Pipeline Integration[2m > 
[22mHuman Review Queue[2m > [22mdoes not enqueue high-trust decisions
[31m[1mAssertionError[22m: expected true to be false // Object.is equality[39m

[32m- Expected[39m
[31m+ Received[39m

[32m- false[39m
[31m+ true[39m

[36m [2mÔØ»[22m tests/integration/decision-pipeline.test.ts:[2m334:45[22m[39m
    [90m332| [39m      const decision = await runPipeline(SCENARIOS.cleanElectrician.inÔÇª
    [90m333| [39m
    [90m334| [39m      [34mexpect[39m(decision[33m.[39mhumanReview[33m.[39mrequired)[33m.[39m[34mtoBe[39m(
[35mfalse[39m)[33m;[39m
    [90m   | [39m                                            [31m^[39m
    [90m335| [39m      [34mexpect[39m(decision[33m.[39mhumanReview[33m.[39mstatus)[33m.[39m[34mtoBe[39m([3
2m"not_required"[39m)[33m;[39m
    [90m336| [39m    })[33m;[39m

[31m[2mÔÄ»ÔÄ»ÔÄ»ÔÄ»ÔÄ»ÔÄ»ÔÄ»ÔÄ»ÔÄ»ÔÄ»ÔÄ»ÔÄ»ÔÄ»ÔÄ»ÔÄ»ÔÄ»ÔÄ»ÔÄ»ÔÄ»ÔÄ»ÔÄ»ÔÄ»ÔÄ»[9/12]ÔÄ»[22m[39m

[41m[1m FAIL [22m[49m tests/integration/decision-pipeline.test.ts[2m > [22mDecision Pipeline Integration[2m > 
[22mTrust Score Calculation[2m > [22magreement component reflects LLM/deterministic alignment
[31m[1mAssertionError[22m: expected 0 to be greater than or equal to 0.5[39m
[36m [2mÔØ»[22m tests/integration/decision-pipeline.test.ts:[2m397:48[22m[39m
    [90m395| [39m      [90m// Clean case: should have high agreement[39m
    [90m396| [39m      const clean = await runPipeline(SCENARIOS.cleanElectrician.inputÔÇª
    [90m397| [39m      expect(clean.trust.components.agreement).toBeGreaterThanOrEqual(ÔÇª
    [90m   | [39m                                               [31m^[39m
    [90m398| [39m
    [90m399| [39m      [90m// Underpayment with wrong verdict: should have low agreement[39m

[31m[2mÔÄ»ÔÄ»ÔÄ»ÔÄ»ÔÄ»ÔÄ»ÔÄ»ÔÄ»ÔÄ»ÔÄ»ÔÄ»ÔÄ»ÔÄ»ÔÄ»ÔÄ»ÔÄ»ÔÄ»ÔÄ»ÔÄ»ÔÄ»ÔÄ»ÔÄ»[10/12]ÔÄ»[22m[39m

[41m[1m FAIL [22m[49m tests/eval/trust-calibration.test.ts[2m > [22mTrust Calibration - Golden Set 
Evaluation[2m > [22mOverall Accuracy[2m > [22mshould have >90% accuracy on golden set
[31m[1mAssertionError[22m: expected 0.6666666666666666 to be greater than 0.9[39m
[36m [2mÔØ»[22m tests/eval/trust-calibration.test.ts:[2m73:24[22m[39m
    [90m 71| [39m      console.log(`\n  Overall Accuracy: ${(accuracy * 100).toFixed(1)ÔÇª
    [90m 72| [39m
    [90m 73| [39m      [34mexpect[39m(accuracy)[33m.[39m[34mtoBeGreaterThan[39m([34m0.90[39m)[33m;[39m
    [90m   | [39m                       [31m^[39m
    [90m 74| [39m    })[33m;[39m
    [90m 75| [39m

[31m[2mÔÄ»ÔÄ»ÔÄ»ÔÄ»ÔÄ»ÔÄ»ÔÄ»ÔÄ»ÔÄ»ÔÄ»ÔÄ»ÔÄ»ÔÄ»ÔÄ»ÔÄ»ÔÄ»ÔÄ»ÔÄ»ÔÄ»ÔÄ»ÔÄ»ÔÄ»[11/12]ÔÄ»[22m[39m

[41m[1m FAIL [22m[49m tests/eval/trust-calibration.test.ts[2m > [22mTrust Calibration - Golden Set 
Evaluation[2m > [22mPer-Case Analysis[2m > [22mcorrectly handles all clean cases
[31m[1mAssertionError[22m: expected false to be true // Object.is equality[39m

[32m- Expected[39m
[31m+ Received[39m

[32m- true[39m
[31m+ false[39m

[36m [2mÔØ»[22m tests/eval/trust-calibration.test.ts:[2m238:34[22m[39m
    [90m236| [39m
    [90m237| [39m      [35mfor[39m ([35mconst[39m testCase [35mof[39m cleanCases) {
    [90m238| [39m        
[34mexpect[39m(testCase[33m.[39mcorrect)[33m.[39m[34mtoBe[39m([35mtrue[39m)[33m;[39m
    [90m   | [39m                                 [31m^[39m
    [90m239| [39m        
[34mexpect[39m(testCase[33m.[39mtrustScore)[33m.[39m[34mtoBeGreaterThanOrEqual[39m([34m0.80[39m)[33m;[39m
    [90m240| [39m      }

[31m[2mÔÄ»ÔÄ»ÔÄ»ÔÄ»ÔÄ»ÔÄ»ÔÄ»ÔÄ»ÔÄ»ÔÄ»ÔÄ»ÔÄ»ÔÄ»ÔÄ»ÔÄ»ÔÄ»ÔÄ»ÔÄ»ÔÄ»ÔÄ»ÔÄ»ÔÄ»[12/12]ÔÄ»[22m[39m

